// Jest Snapshot v1, https://goo.gl/fbAQLP

exports[`Components - Header should match snapshot 1`] = `
<header
  className="Header"
>
  <p
    className="Logo"
  >
    <b>
      netflix
    </b>
    roulette
  </p>
  <button
    className="Button Button--transparent"
    disabled={false}
    onClick={[Function]}
    type="button"
  >
    <span
      className="Button_text"
    >
      Search
    </span>
  </button>
  <div
    className="Header_inner"
  >
    <div
      data-testid="VisibleMovieDetails"
    />
  </div>
</header>
`;
