// Jest Snapshot v1, https://goo.gl/fbAQLP

exports[`Components - Main should match snapshot 1`] = `
<div
  className="Main"
>
  <div
    className="Container"
  >
    <div>
      Content
    </div>
  </div>
  <div
    className="Main_space"
  />
  <div
    className="Container"
  >
    <div
      data-testid="MovieCatalog"
    />
  </div>
  <footer
    className="Footer"
  >
    <p
      className="Logo"
    >
      <b>
        netflix
      </b>
      roulette
    </p>
  </footer>
</div>
`;
